// Vitest Snapshot v1, https://vitest.dev/guide/snapshot.html

exports[`Avito formatter > should export Avito XML with correct root and ad structure 1`] = `
"<?xml version="1.0" encoding="UTF-8"?>
<Ads formatVersion="3" target="Avito.ru">
  <Ad>
    <Id>1112</Id>
    <Title>Title</Title>
    <Description>
      <![CDATA[Description]]>
    </Description>
    <Category>Одежда, обувь, аксессуары</Category>
    <Price>19000</Price>
    <Images>
      <Image url="image1"/>
      <Image url="image2"/>
    </Images>
    <GoodsType>Мужская обувь</GoodsType>
    <Condition>Новое</Condition>
    <AdType>Товар приобретен на продажу</AdType>
    <Brand>Nike</Brand>
    <Color>Белый</Color>
    <ColorName>white</ColorName>
    <ApparelType>Кроссовки</ApparelType>
    <Size>44</Size>
  </Ad>
</Ads>
"
`;
